@startuml
skinparam state  {
   BackgroundColor<<Command>> PaleGoldenRod
   BorderColor<<Command>> PaleGoldenRod
}

state GetCup {

}
state BoilingWater {

}
state SteepingTea {
    state "DoYouHaveMilk" as SteepingTea_DoYouHaveMilk <<Command>>
}
state CheckForMilk {

}
state BlackTea {

}

title helloworld
  GetCup --> BoilingWater : TurnOnKettle
  BoilingWater --> SteepingTea : PourWater
  SteepingTea --> CheckForMilk : MilkPlease
  SteepingTea --> BlackTea : NoMilkPlease
  CheckForMilk --> WhiteTea : MilkIsFull
  CheckForMilk --> BlackTea : MilkIsEmpty

@enduml